#
# There is insufficient memory for the Java Runtime Environment to continue.
# Native memory allocation (malloc) failed to allocate 1048576 bytes. Error detail: AllocateHeap
# Possible reasons:
#   The system is out of physical RAM or swap space
#   This process is running with CompressedOops enabled, and the Java Heap may be blocking the growth of the native heap
# Possible solutions:
#   Reduce memory load on the system
#   Increase physical memory or swap space
#   Check if swap backing store is full
#   Decrease Java heap size (-Xmx/-Xms)
#   Decrease number of Java threads
#   Decrease Java thread stack sizes (-Xss)
#   Set larger code cache with -XX:ReservedCodeCacheSize=
#   JVM is running with Unscaled Compressed Oops mode in which the Java heap is
#     placed in the first 4GB address space. The Java Heap base address is the
#     maximum limit for the native heap growth. Please use -XX:HeapBaseMinAddress
#     to set the Java Heap base and to place the Java Heap above 4GB virtual address.
# This output file may be truncated or incomplete.
#
#  Out of Memory Error (allocation.cpp:44), pid=10896, tid=6508
#
# JRE version: OpenJDK Runtime Environment Temurin-21.0.10+7 (21.0.10+7) (build 21.0.10+7-LTS)
# Java VM: OpenJDK 64-Bit Server VM Temurin-21.0.10+7 (21.0.10+7-LTS, mixed mode, sharing, tiered, compressed oops, compressed class ptrs, parallel gc, windows-amd64)
# No core dump will be written. Minidumps are not enabled by default on client versions of Windows
#

---------------  S U M M A R Y ------------

Command Line: --add-modules=ALL-SYSTEM --add-opens=java.base/java.util=ALL-UNNAMED --add-opens=java.base/java.lang=ALL-UNNAMED --add-opens=java.base/sun.nio.fs=ALL-UNNAMED -Declipse.application=org.eclipse.jdt.ls.core.id1 -Dosgi.bundles.defaultStartLevel=4 -Declipse.product=org.eclipse.jdt.ls.core.product -Djava.import.generatesMetadataFilesAtProjectRoot=false -DDetectVMInstallationsJob.disabled=true -Dfile.encoding=utf8 -XX:+UseParallelGC -XX:GCTimeRatio=4 -XX:AdaptiveSizePolicyWeight=90 -Dsun.zip.disableMemoryMapping=true -Xmx2G -Xms100m -Xlog:disable -javaagent:c:\Users\Admin\.kiro\extensions\redhat.java-1.54.0-win32-x64\lombok\lombok-1.18.39-4050.jar -XX:+HeapDumpOnOutOfMemoryError -XX:HeapDumpPath=c:\Users\Admin\AppData\Roaming\Kiro\User\workspaceStorage\bf79d58697673036a228ef2fb33739f4\redhat.java -Daether.dependencyCollector.impl=bf c:\Users\Admin\.kiro\extensions\redhat.java-1.54.0-win32-x64\server\plugins\org.eclipse.equinox.launcher_1.7.100.v20251111-0406.jar -configuration c:\Users\Admin\AppData\Roaming\Kiro\User\globalStorage\redhat.java\1.54.0\config_win -data c:\Users\Admin\AppData\Roaming\Kiro\User\workspaceStorage\bf79d58697673036a228ef2fb33739f4\redhat.java\jdt_ws --pipe=\\.\pipe\lsp-cb492ce437384790226ac974ea57f420-sock

Host: 12th Gen Intel(R) Core(TM) i5-1235U, 12 cores, 15G,  Windows 11 , 64 bit Build 22621 (10.0.22621.3958)
Time: Sat Jun  6 15:00:01 2026 SE Asia Standard Time elapsed time: 22278.184293 seconds (0d 6h 11m 18s)

---------------  T H R E A D  ---------------

Current thread (0x000002456c9b7300):  JavaThread "Attach Listener" daemon [_thread_in_vm, id=6508, stack(0x000000fa11200000,0x000000fa11300000) (1024K)]

Stack: [0x000000fa11200000,0x000000fa11300000]
Native frames: (J=compiled Java code, j=interpreted, Vv=VM code, C=native code)
V  [jvm.dll+0x6d7a39]
V  [jvm.dll+0x8b4b26]
V  [jvm.dll+0x8b70de]
V  [jvm.dll+0x8b77c3]
V  [jvm.dll+0x284346]
V  [jvm.dll+0xc1277]
V  [jvm.dll+0x6d82e9]
V  [jvm.dll+0x1334a6]
V  [jvm.dll+0x3f857e]
V  [jvm.dll+0x85f59d]
V  [jvm.dll+0x6d626d]
C  [ucrtbase.dll+0x29333]
C  [KERNEL32.DLL+0x1257d]
C  [ntdll.dll+0x5af08]


---------------  P R O C E S S  ---------------

Threads class SMR info:
_java_thread_list=0x0000024574153250, length=39, elements={
0x0000024512fcfa40, 0x000002456c9b44b0, 0x0000024529a7c6d0, 0x000002456c9b6030,
0x000002456c9b7300, 0x000002456c9bb380, 0x000002456c9c5aa0, 0x000002456c9c9130,
0x000002456c9ca4c0, 0x000002456cc09e40, 0x000002457114cf80, 0x0000024571438770,
0x00000245717e7c80, 0x000002456cd9aa40, 0x00000245710ddf30, 0x000002457189f230,
0x000002456cd286c0, 0x0000024571964050, 0x0000024571f17640, 0x0000024572155d90,
0x0000024572155070, 0x0000024572156ab0, 0x0000024572150ed0, 0x0000024572157140,
0x0000024572152910, 0x0000024572156420, 0x0000024572154350, 0x00000245721577d0,
0x0000024572150840, 0x0000024572152fa0, 0x0000024572151560, 0x0000024572152280,
0x0000024572153630, 0x00000245721549e0, 0x0000024572153cc0, 0x00000245732549c0,
0x0000024573253ca0, 0x000002457cda6440, 0x0000024573257e40
}

Java Threads: ( => current thread )
  0x0000024512fcfa40 JavaThread "main"                              [_thread_blocked, id=7300, stack(0x000000fa10b00000,0x000000fa10c00000) (1024K)]
  0x000002456c9b44b0 JavaThread "Reference Handler"          daemon [_thread_blocked, id=25616, stack(0x000000fa10f00000,0x000000fa11000000) (1024K)]
  0x0000024529a7c6d0 JavaThread "Finalizer"                  daemon [_thread_blocked, id=26996, stack(0x000000fa11000000,0x000000fa11100000) (1024K)]
  0x000002456c9b6030 JavaThread "Signal Dispatcher"          daemon [_thread_blocked, id=22328, stack(0x000000fa11100000,0x000000fa11200000) (1024K)]
=>0x000002456c9b7300 JavaThread "Attach Listener"            daemon [_thread_in_vm, id=6508, stack(0x000000fa11200000,0x000000fa11300000) (1024K)]
  0x000002456c9bb380 JavaThread "Service Thread"             daemon [_thread_blocked, id=11384, stack(0x000000fa11300000,0x000000fa11400000) (1024K)]
  0x000002456c9c5aa0 JavaThread "Monitor Deflation Thread"   daemon [_thread_blocked, id=12224, stack(0x000000fa11400000,0x000000fa11500000) (1024K)]
  0x000002456c9c9130 JavaThread "C2 CompilerThread0"         daemon [_thread_blocked, id=368, stack(0x000000fa11500000,0x000000fa11600000) (1024K)]
  0x000002456c9ca4c0 JavaThread "C1 CompilerThread0"         daemon [_thread_blocked, id=21852, stack(0x000000fa11600000,0x000000fa11700000) (1024K)]
  0x000002456cc09e40 JavaThread "Common-Cleaner"             daemon [_thread_blocked, id=22208, stack(0x000000fa11700000,0x000000fa11800000) (1024K)]
  0x000002457114cf80 JavaThread "Notification Thread"        daemon [_thread_blocked, id=2464, stack(0x000000fa11900000,0x000000fa11a00000) (1024K)]
  0x0000024571438770 JavaThread "Active Thread: Equinox Container: ef42d175-305a-48ad-838f-e57b6fb0b9af"        [_thread_blocked, id=24176, stack(0x000000fa12100000,0x000000fa12200000) (1024K)]
  0x00000245717e7c80 JavaThread "Refresh Thread: Equinox Container: ef42d175-305a-48ad-838f-e57b6fb0b9af" daemon [_thread_blocked, id=17632, stack(0x000000fa11a00000,0x000000fa11b00000) (1024K)]
  0x000002456cd9aa40 JavaThread "Framework Event Dispatcher: Equinox Container: ef42d175-305a-48ad-838f-e57b6fb0b9af" daemon [_thread_blocked, id=7140, stack(0x000000fa12200000,0x000000fa12300000) (1024K)]
  0x00000245710ddf30 JavaThread "Start Level: Equinox Container: ef42d175-305a-48ad-838f-e57b6fb0b9af" daemon [_thread_blocked, id=2332, stack(0x000000fa12300000,0x000000fa12400000) (1024K)]
  0x000002457189f230 JavaThread "Bundle File Closer"         daemon [_thread_blocked, id=22400, stack(0x000000fa12700000,0x000000fa12800000) (1024K)]
  0x000002456cd286c0 JavaThread "SCR Component Actor"        daemon [_thread_blocked, id=24368, stack(0x000000fa12400000,0x000000fa12500000) (1024K)]
  0x0000024571964050 JavaThread "Worker-JM"                         [_thread_blocked, id=6036, stack(0x000000fa12a00000,0x000000fa12b00000) (1024K)]
  0x0000024571f17640 JavaThread "JNA Cleaner"                daemon [_thread_blocked, id=12372, stack(0x000000fa12900000,0x000000fa12a00000) (1024K)]
  0x0000024572155d90 JavaThread "Worker-2"                          [_thread_blocked, id=27216, stack(0x000000fa12d00000,0x000000fa12e00000) (1024K)]
  0x0000024572155070 JavaThread "Java indexing"              daemon [_thread_blocked, id=21900, stack(0x000000fa12f00000,0x000000fa13000000) (1024K)]
  0x0000024572156ab0 JavaThread "Thread-1"                   daemon [_thread_in_native, id=14304, stack(0x000000fa13200000,0x000000fa13300000) (1024K)]
  0x0000024572150ed0 JavaThread "Thread-2"                   daemon [_thread_in_native, id=9984, stack(0x000000fa13500000,0x000000fa13600000) (1024K)]
  0x0000024572157140 JavaThread "Thread-3"                   daemon [_thread_in_native, id=23108, stack(0x000000fa13600000,0x000000fa13700000) (1024K)]
  0x0000024572152910 JavaThread "Thread-4"                   daemon [_thread_in_native, id=16660, stack(0x000000fa13700000,0x000000fa13800000) (1024K)]
  0x0000024572156420 JavaThread "Thread-5"                   daemon [_thread_in_native, id=25344, stack(0x000000fa13800000,0x000000fa13900000) (1024K)]
  0x0000024572154350 JavaThread "Thread-6"                   daemon [_thread_in_native, id=20492, stack(0x000000fa13900000,0x000000fa13a00000) (1024K)]
  0x00000245721577d0 JavaThread "Thread-7"                   daemon [_thread_in_native, id=13224, stack(0x000000fa13a00000,0x000000fa13b00000) (1024K)]
  0x0000024572150840 JavaThread "Thread-8"                   daemon [_thread_in_native, id=26956, stack(0x000000fa13b00000,0x000000fa13c00000) (1024K)]
  0x0000024572152fa0 JavaThread "Thread-9"                   daemon [_thread_in_native, id=388, stack(0x000000fa13c00000,0x000000fa13d00000) (1024K)]
  0x0000024572151560 JavaThread "Thread-10"                  daemon [_thread_in_native, id=11400, stack(0x000000fa13d00000,0x000000fa13e00000) (1024K)]
  0x0000024572152280 JavaThread "Thread-11"                  daemon [_thread_in_native, id=19892, stack(0x000000fa13e00000,0x000000fa13f00000) (1024K)]
  0x0000024572153630 JavaThread "Thread-12"                  daemon [_thread_in_native, id=8732, stack(0x000000fa13f00000,0x000000fa14000000) (1024K)]
  0x00000245721549e0 JavaThread "Thread-13"                  daemon [_thread_in_native, id=12192, stack(0x000000fa14000000,0x000000fa14100000) (1024K)]
  0x0000024572153cc0 JavaThread "pool-2-thread-1"                   [_thread_blocked, id=13500, stack(0x000000fa14100000,0x000000fa14200000) (1024K)]
  0x00000245732549c0 JavaThread "WorkspaceEventsHandler"            [_thread_blocked, id=21940, stack(0x000000fa14200000,0x000000fa14300000) (1024K)]
  0x0000024573253ca0 JavaThread "pool-1-thread-1"                   [_thread_blocked, id=8464, stack(0x000000fa14300000,0x000000fa14400000) (1024K)]
  0x000002457cda6440 JavaThread "Cleaner-0"                  daemon [_thread_blocked, id=20684, stack(0x000000fa13400000,0x000000fa13500000) (1024K)]
  0x0000024573257e40 JavaThread "Worker-12"                         [_thread_blocked, id=23892, stack(0x000000fa10900000,0x000000fa10a00000) (1024K)]
Total: 39

Other Threads:
  0x000002451308ec10 VMThread "VM Thread"                           [id=20160, stack(0x000000fa10e00000,0x000000fa10f00000) (1024K)]
  0x000002452995ca00 WatcherThread "VM Periodic Task Thread"        [id=2644, stack(0x000000fa10d00000,0x000000fa10e00000) (1024K)]
  0x0000024512feedd0 WorkerThread "GC Thread#0"                     [id=1732, stack(0x000000fa10c00000,0x000000fa10d00000) (1024K)]
  0x0000024571522960 WorkerThread "GC Thread#1"                     [id=11612, stack(0x000000fa11b00000,0x000000fa11c00000) (1024K)]
  0x00000245713eb980 WorkerThread "GC Thread#2"                     [id=2436, stack(0x000000fa11c00000,0x000000fa11d00000) (1024K)]
  0x00000245710f4500 WorkerThread "GC Thread#3"                     [id=21128, stack(0x000000fa11d00000,0x000000fa11e00000) (1024K)]
  0x0000024571389f80 WorkerThread "GC Thread#4"                     [id=18200, stack(0x000000fa11e00000,0x000000fa11f00000) (1024K)]
  0x0000024571039050 WorkerThread "GC Thread#5"                     [id=9560, stack(0x000000fa11f00000,0x000000fa12000000) (1024K)]
  0x0000024571854720 WorkerThread "GC Thread#6"                     [id=20776, stack(0x000000fa12000000,0x000000fa12100000) (1024K)]
  0x000002456c9cb350 WorkerThread "GC Thread#7"                     [id=11904, stack(0x000000fa11800000,0x000000fa11900000) (1024K)]
  0x0000024571818050 WorkerThread "GC Thread#8"                     [id=14080, stack(0x000000fa12500000,0x000000fa12600000) (1024K)]
  0x0000024571b17530 WorkerThread "GC Thread#9"                     [id=24764, stack(0x000000fa12600000,0x000000fa12700000) (1024K)]
Total: 12

Threads with active compile tasks:
Total: 0

VM state: not at safepoint (normal execution)

VM Mutex/Monitor currently owned by a thread: None

Heap address: 0x0000000080000000, size: 2048 MB, Compressed Oops mode: 32-bit

CDS archive(s) mapped at: [0x000002452a000000-0x000002452aba0000-0x000002452aba0000), size 12189696, SharedBaseAddress: 0x000002452a000000, ArchiveRelocationMode: 1.
Compressed class space mapped at: 0x000002452b000000-0x000002456b000000, reserved size: 1073741824
Narrow klass base: 0x000002452a000000, Narrow klass shift: 0, Narrow klass range: 0x100000000

GC Precious Log:
 CardTable entry size: 512
 CPUs: 12 total, 12 available
 Memory: 16083M
 Large Page Support: Disabled
 NUMA Support: Disabled
 Compressed Oops: Enabled (32-bit)
 Alignments: Space 512K, Generation 512K, Heap 2M
 Heap Min Capacity: 100M
 Heap Initial Capacity: 100M
 Heap Max Capacity: 2G
 Pre-touch: Disabled
 Parallel Workers: 10

Heap:
 PSYoungGen      total 5120K, used 3181K [0x00000000d5580000, 0x00000000d5c80000, 0x0000000100000000)
  eden space 3584K, 55% used [0x00000000d5580000,0x00000000d576f630,0x00000000d5900000)
  from space 1536K, 78% used [0x00000000d5a00000,0x00000000d5b2c0a0,0x00000000d5b80000)
  to   space 1024K, 0% used [0x00000000d5b80000,0x00000000d5b80000,0x00000000d5c80000)
 ParOldGen       total 99328K, used 99176K [0x0000000080000000, 0x0000000086100000, 0x00000000d5580000)
  object space 99328K, 99% used [0x0000000080000000,0x00000000860da348,0x0000000086100000)
 Metaspace       used 67978K, committed 69440K, reserved 1114112K
  class space    used 6965K, committed 7552K, reserved 1048576K

Card table byte_map: [0x0000024512980000,0x0000024512d90000] _byte_map_base: 0x0000024512580000

Marking Bits: (ParMarkBitMap*) 0x00007fff514c3450
 Begin Bits: [0x0000024525480000, 0x0000024527480000)
 End Bits:   [0x0000024527480000, 0x0000024529480000)

Polling page: 0x0000024510e40000

Metaspace:

Usage:
  Non-class:     59.58 MB used.
      Class:      6.80 MB used.
       Both:     66.38 MB used.

Virtual space:
  Non-class space:       64.00 MB reserved,      60.44 MB ( 94%) committed,  1 nodes.
      Class space:        1.00 GB reserved,       7.38 MB ( <1%) committed,  1 nodes.
             Both:        1.06 GB reserved,      67.81 MB (  6%) committed. 

Chunk freelists:
   Non-Class:  2.92 MB
       Class:  8.64 MB
        Both:  11.56 MB

MaxMetaspaceSize: unlimited
CompressedClassSpaceSize: 1.00 GB
Initial GC threshold: 21.00 MB
Current GC threshold: 97.31 MB
CDS: on
 - commit_granule_bytes: 65536.
 - commit_granule_words: 8192.
 - virtual_space_node_default_size: 8388608.
 - enlarge_chunks_in_place: 1.
 - use_allocation_guard: 0.


Internal statistics:

num_allocs_failed_limit: 9.
num_arena_births: 1202.
num_arena_deaths: 14.
num_vsnodes_births: 2.
num_vsnodes_deaths: 0.
num_space_committed: 1085.
num_space_uncommitted: 0.
num_chunks_returned_to_freelist: 23.
num_chunks_taken_from_freelist: 4661.
num_chunk_merges: 15.
num_chunk_splits: 2709.
num_chunks_enlarged: 1375.
num_inconsistent_stats: 0.

CodeHeap 'non-profiled nmethods': size=120000Kb used=10537Kb max_used=10537Kb free=109462Kb
 bounds [0x000002451dca0000, 0x000002451e6f0000, 0x00000245251d0000]
CodeHeap 'profiled nmethods': size=120000Kb used=30143Kb max_used=30143Kb free=89856Kb
 bounds [0x00000245161d0000, 0x0000024517f40000, 0x000002451d700000]
CodeHeap 'non-nmethods': size=5760Kb used=1461Kb max_used=1537Kb free=4298Kb
 bounds [0x000002451d700000, 0x000002451d970000, 0x000002451dca0000]
CodeCache: size=245760Kb, used=42141Kb, max_used=42217Kb, free=203616Kb
 total_blobs=13226, nmethods=12451, adapters=677, full_count=0
Compilation: enabled, stopped_count=0, restarted_count=0

Compilation events (20 events):
Event: 19381.540 Thread 0x000002456c9ca4c0 13367       3       java.util.Formatter::toString (14 bytes)
Event: 19381.540 Thread 0x000002456c9ca4c0 nmethod 13367 0x0000024517f39490 code [0x0000024517f39660, 0x0000024517f39948]
Event: 19381.540 Thread 0x000002456c9c9130 13369       4       org.eclipse.core.internal.dtree.AbstractDataTreeNode::size (6 bytes)
Event: 19381.541 Thread 0x000002456c9c9130 nmethod 13369 0x000002451e6e9290 code [0x000002451e6e9420, 0x000002451e6e94c0]
Event: 21022.916 Thread 0x000002456c9ca4c0 13370       3       java.util.logging.LogManager::demandLogger (23 bytes)
Event: 21022.918 Thread 0x000002456c9ca4c0 nmethod 13370 0x0000024517f39a90 code [0x0000024517f39c40, 0x0000024517f39df8]
Event: 21022.918 Thread 0x000002456c9ca4c0 13371       3       java.util.logging.LogManager::demandLogger (53 bytes)
Event: 21022.920 Thread 0x000002456c9ca4c0 nmethod 13371 0x0000024517f39f10 code [0x0000024517f3a140, 0x0000024517f3a798]
Event: 21022.920 Thread 0x000002456c9ca4c0 13372       3       java.util.logging.LogManager::getLogger (9 bytes)
Event: 21022.920 Thread 0x000002456c9ca4c0 nmethod 13372 0x0000024517f3aa10 code [0x0000024517f3abc0, 0x0000024517f3add0]
Event: 21437.786 Thread 0x000002456c9ca4c0 13373   !   3       jdk.internal.ref.PhantomCleanable::isListEmpty (34 bytes)
Event: 21437.787 Thread 0x000002456c9ca4c0 nmethod 13373 0x0000024517f3af10 code [0x0000024517f3b0c0, 0x0000024517f3b318]
Event: 21437.787 Thread 0x000002456c9ca4c0 13374       3       jdk.internal.misc.InnocuousThread::eraseThreadLocals (23 bytes)
Event: 21437.788 Thread 0x000002456c9ca4c0 nmethod 13374 0x0000024517f3b410 code [0x0000024517f3b5a0, 0x0000024517f3b708]
Event: 21491.260 Thread 0x000002456c9c9130 13375       4       org.eclipse.core.runtime.Path::computeSegmentCount (86 bytes)
Event: 21491.274 Thread 0x000002456c9c9130 nmethod 13375 0x000002451e6e9590 code [0x000002451e6e9780, 0x000002451e6e9d58]
Event: 21654.657 Thread 0x000002456c9ca4c0 13376   !   3       org.eclipse.osgi.storage.Storage::save0 (246 bytes)
Event: 21654.733 Thread 0x000002456c9ca4c0 nmethod 13376 0x0000024517f3b790 code [0x0000024517f3bca0, 0x0000024517f3e888]
Event: 22179.477 Thread 0x000002456c9c9130 13377       4       java.util.concurrent.locks.AbstractQueuedSynchronizer$ConditionObject::canReacquire (38 bytes)
Event: 22179.479 Thread 0x000002456c9c9130 nmethod 13377 0x000002451e6ea210 code [0x000002451e6ea3a0, 0x000002451e6ea480]

GC Heap History (20 events):
Event: 9144.895 GC heap before
{Heap before GC invocations=73 (full 3):
 PSYoungGen      total 10752K, used 10742K [0x00000000d5580000, 0x00000000d6580000, 0x0000000100000000)
  eden space 9216K, 100% used [0x00000000d5580000,0x00000000d5e80000,0x00000000d5e80000)
  from space 1536K, 99% used [0x00000000d5f00000,0x00000000d607da20,0x00000000d6080000)
  to   space 3584K, 0% used [0x00000000d6200000,0x00000000d6200000,0x00000000d6580000)
 ParOldGen       total 84480K, used 84478K [0x0000000080000000, 0x0000000085280000, 0x00000000d5580000)
  object space 84480K, 99% used [0x0000000080000000,0x000000008527fa08,0x0000000085280000)
 Metaspace       used 67849K, committed 69312K, reserved 1114112K
  class space    used 6964K, committed 7552K, reserved 1048576K
}
Event: 9144.903 GC heap after
{Heap after GC invocations=73 (full 3):
 PSYoungGen      total 7168K, used 3574K [0x00000000d5580000, 0x00000000d7080000, 0x0000000100000000)
  eden space 3584K, 0% used [0x00000000d5580000,0x00000000d5580000,0x00000000d5900000)
  from space 3584K, 99% used [0x00000000d6200000,0x00000000d657d868,0x00000000d6580000)
  to   space 9216K, 0% used [0x00000000d5900000,0x00000000d5900000,0x00000000d6200000)
 ParOldGen       total 89088K, used 88918K [0x0000000080000000, 0x0000000085700000, 0x00000000d5580000)
  object space 89088K, 99% used [0x0000000080000000,0x00000000856d5aa8,0x0000000085700000)
 Metaspace       used 67849K, committed 69312K, reserved 1114112K
  class space    used 6964K, committed 7552K, reserved 1048576K
}
Event: 9144.953 GC heap before
{Heap before GC invocations=74 (full 3):
 PSYoungGen      total 7168K, used 7158K [0x00000000d5580000, 0x00000000d7080000, 0x0000000100000000)
  eden space 3584K, 100% used [0x00000000d5580000,0x00000000d5900000,0x00000000d5900000)
  from space 3584K, 99% used [0x00000000d6200000,0x00000000d657d868,0x00000000d6580000)
  to   space 9216K, 0% used [0x00000000d5900000,0x00000000d5900000,0x00000000d6200000)
 ParOldGen       total 89088K, used 88918K [0x0000000080000000, 0x0000000085700000, 0x00000000d5580000)
  object space 89088K, 99% used [0x0000000080000000,0x00000000856d5aa8,0x0000000085700000)
 Metaspace       used 67863K, committed 69312K, reserved 1114112K
  class space    used 6964K, committed 7552K, reserved 1048576K
}
Event: 9144.959 GC heap after
{Heap after GC invocations=74 (full 3):
 PSYoungGen      total 6144K, used 2095K [0x00000000d5580000, 0x00000000d6280000, 0x0000000100000000)
  eden space 3584K, 0% used [0x00000000d5580000,0x00000000d5580000,0x00000000d5900000)
  from space 2560K, 81% used [0x00000000d5900000,0x00000000d5b0bc60,0x00000000d5b80000)
  to   space 4608K, 0% used [0x00000000d5e00000,0x00000000d5e00000,0x00000000d6280000)
 ParOldGen       total 91648K, used 91624K [0x0000000080000000, 0x0000000085980000, 0x00000000d5580000)
  object space 91648K, 99% used [0x0000000080000000,0x000000008597a2d8,0x0000000085980000)
 Metaspace       used 67863K, committed 69312K, reserved 1114112K
  class space    used 6964K, committed 7552K, reserved 1048576K
}
Event: 9145.069 GC heap before
{Heap before GC invocations=75 (full 3):
 PSYoungGen      total 6144K, used 5679K [0x00000000d5580000, 0x00000000d6280000, 0x0000000100000000)
  eden space 3584K, 99% used [0x00000000d5580000,0x00000000d58ffff8,0x00000000d5900000)
  from space 2560K, 81% used [0x00000000d5900000,0x00000000d5b0bc60,0x00000000d5b80000)
  to   space 4608K, 0% used [0x00000000d5e00000,0x00000000d5e00000,0x00000000d6280000)
 ParOldGen       total 91648K, used 91624K [0x0000000080000000, 0x0000000085980000, 0x00000000d5580000)
  object space 91648K, 99% used [0x0000000080000000,0x000000008597a2d8,0x0000000085980000)
 Metaspace       used 67867K, committed 69312K, reserved 1114112K
  class space    used 6964K, committed 7552K, reserved 1048576K
}
Event: 9145.075 GC heap after
{Heap after GC invocations=75 (full 3):
 PSYoungGen      total 6656K, used 2768K [0x00000000d5580000, 0x00000000d6100000, 0x0000000100000000)
  eden space 3584K, 0% used [0x00000000d5580000,0x00000000d5580000,0x00000000d5900000)
  from space 3072K, 90% used [0x00000000d5e00000,0x00000000d60b4010,0x00000000d6100000)
  to   space 3072K, 0% used [0x00000000d5b00000,0x00000000d5b00000,0x00000000d5e00000)
 ParOldGen       total 93696K, used 93591K [0x0000000080000000, 0x0000000085b80000, 0x00000000d5580000)
  object space 93696K, 99% used [0x0000000080000000,0x0000000085b65f38,0x0000000085b80000)
 Metaspace       used 67867K, committed 69312K, reserved 1114112K
  class space    used 6964K, committed 7552K, reserved 1048576K
}
Event: 9145.149 GC heap before
{Heap before GC invocations=76 (full 3):
 PSYoungGen      total 6656K, used 6352K [0x00000000d5580000, 0x00000000d6100000, 0x0000000100000000)
  eden space 3584K, 100% used [0x00000000d5580000,0x00000000d5900000,0x00000000d5900000)
  from space 3072K, 90% used [0x00000000d5e00000,0x00000000d60b4010,0x00000000d6100000)
  to   space 3072K, 0% used [0x00000000d5b00000,0x00000000d5b00000,0x00000000d5e00000)
 ParOldGen       total 93696K, used 93591K [0x0000000080000000, 0x0000000085b80000, 0x00000000d5580000)
  object space 93696K, 99% used [0x0000000080000000,0x0000000085b65f38,0x0000000085b80000)
 Metaspace       used 67874K, committed 69312K, reserved 1114112K
  class space    used 6964K, committed 7552K, reserved 1048576K
}
Event: 9145.155 GC heap after
{Heap after GC invocations=76 (full 3):
 PSYoungGen      total 4096K, used 320K [0x00000000d5580000, 0x00000000d5e80000, 0x0000000100000000)
  eden space 3584K, 0% used [0x00000000d5580000,0x00000000d5580000,0x00000000d5900000)
  from space 512K, 62% used [0x00000000d5b00000,0x00000000d5b50000,0x00000000d5b80000)
  to   space 1536K, 0% used [0x00000000d5d00000,0x00000000d5d00000,0x00000000d5e80000)
 ParOldGen       total 96256K, used 96151K [0x0000000080000000, 0x0000000085e00000, 0x00000000d5580000)
  object space 96256K, 99% used [0x0000000080000000,0x0000000085de5f38,0x0000000085e00000)
 Metaspace       used 67874K, committed 69312K, reserved 1114112K
  class space    used 6964K, committed 7552K, reserved 1048576K
}
Event: 9145.185 GC heap before
{Heap before GC invocations=77 (full 3):
 PSYoungGen      total 4096K, used 3904K [0x00000000d5580000, 0x00000000d5e80000, 0x0000000100000000)
  eden space 3584K, 100% used [0x00000000d5580000,0x00000000d5900000,0x00000000d5900000)
  from space 512K, 62% used [0x00000000d5b00000,0x00000000d5b50000,0x00000000d5b80000)
  to   space 1536K, 0% used [0x00000000d5d00000,0x00000000d5d00000,0x00000000d5e80000)
 ParOldGen       total 96256K, used 96151K [0x0000000080000000, 0x0000000085e00000, 0x00000000d5580000)
  object space 96256K, 99% used [0x0000000080000000,0x0000000085de5f38,0x0000000085e00000)
 Metaspace       used 67876K, committed 69312K, reserved 1114112K
  class space    used 6964K, committed 7552K, reserved 1048576K
}
Event: 9145.187 GC heap after
{Heap after GC invocations=77 (full 3):
 PSYoungGen      total 5120K, used 1136K [0x00000000d5580000, 0x00000000d5e80000, 0x0000000100000000)
  eden space 3584K, 0% used [0x00000000d5580000,0x00000000d5580000,0x00000000d5900000)
  from space 1536K, 73% used [0x00000000d5d00000,0x00000000d5e1c150,0x00000000d5e80000)
  to   space 1536K, 0% used [0x00000000d5b80000,0x00000000d5b80000,0x00000000d5d00000)
 ParOldGen       total 96768K, used 96342K [0x0000000080000000, 0x0000000085e80000, 0x00000000d5580000)
  object space 96768K, 99% used [0x0000000080000000,0x0000000085e15ab8,0x0000000085e80000)
 Metaspace       used 67876K, committed 69312K, reserved 1114112K
  class space    used 6964K, committed 7552K, reserved 1048576K
}
Event: 9145.225 GC heap before
{Heap before GC invocations=78 (full 3):
 PSYoungGen      total 5120K, used 4720K [0x00000000d5580000, 0x00000000d5e80000, 0x0000000100000000)
  eden space 3584K, 100% used [0x00000000d5580000,0x00000000d5900000,0x00000000d5900000)
  from space 1536K, 73% used [0x00000000d5d00000,0x00000000d5e1c150,0x00000000d5e80000)
  to   space 1536K, 0% used [0x00000000d5b80000,0x00000000d5b80000,0x00000000d5d00000)
 ParOldGen       total 96768K, used 96342K [0x0000000080000000, 0x0000000085e80000, 0x00000000d5580000)
  object space 96768K, 99% used [0x0000000080000000,0x0000000085e15ab8,0x0000000085e80000)
 Metaspace       used 67889K, committed 69376K, reserved 1114112K
  class space    used 6964K, committed 7552K, reserved 1048576K
}
Event: 9145.228 GC heap after
{Heap after GC invocations=78 (full 3):
 PSYoungGen      total 4608K, used 880K [0x00000000d5580000, 0x00000000d5d80000, 0x0000000100000000)
  eden space 3584K, 0% used [0x00000000d5580000,0x00000000d5580000,0x00000000d5900000)
  from space 1024K, 85% used [0x00000000d5b80000,0x00000000d5c5c0a0,0x00000000d5c80000)
  to   space 1024K, 0% used [0x00000000d5c80000,0x00000000d5c80000,0x00000000d5d80000)
 ParOldGen       total 97280K, used 96982K [0x0000000080000000, 0x0000000085f00000, 0x00000000d5580000)
  object space 97280K, 99% used [0x0000000080000000,0x0000000085eb5b88,0x0000000085f00000)
 Metaspace       used 67889K, committed 69376K, reserved 1114112K
  class space    used 6964K, committed 7552K, reserved 1048576K
}
Event: 9146.521 GC heap before
{Heap before GC invocations=79 (full 3):
 PSYoungGen      total 4608K, used 4464K [0x00000000d5580000, 0x00000000d5d80000, 0x0000000100000000)
  eden space 3584K, 100% used [0x00000000d5580000,0x00000000d5900000,0x00000000d5900000)
  from space 1024K, 85% used [0x00000000d5b80000,0x00000000d5c5c0a0,0x00000000d5c80000)
  to   space 1024K, 0% used [0x00000000d5c80000,0x00000000d5c80000,0x00000000d5d80000)
 ParOldGen       total 97280K, used 96982K [0x0000000080000000, 0x0000000085f00000, 0x00000000d5580000)
  object space 97280K, 99% used [0x0000000080000000,0x0000000085eb5b88,0x0000000085f00000)
 Metaspace       used 67905K, committed 69376K, reserved 1114112K
  class space    used 6964K, committed 7552K, reserved 1048576K
}
Event: 9146.522 GC heap after
{Heap after GC invocations=79 (full 3):
 PSYoungGen      total 4608K, used 1024K [0x00000000d5580000, 0x00000000d5d80000, 0x0000000100000000)
  eden space 3584K, 0% used [0x00000000d5580000,0x00000000d5580000,0x00000000d5900000)
  from space 1024K, 100% used [0x00000000d5c80000,0x00000000d5d80000,0x00000000d5d80000)
  to   space 1536K, 0% used [0x00000000d5a80000,0x00000000d5a80000,0x00000000d5c00000)
 ParOldGen       total 97792K, used 97283K [0x0000000080000000, 0x0000000085f80000, 0x00000000d5580000)
  object space 97792K, 99% used [0x0000000080000000,0x0000000085f00c28,0x0000000085f80000)
 Metaspace       used 67905K, committed 69376K, reserved 1114112K
  class space    used 6964K, committed 7552K, reserved 1048576K
}
Event: 9146.553 GC heap before
{Heap before GC invocations=80 (full 3):
 PSYoungGen      total 4608K, used 4608K [0x00000000d5580000, 0x00000000d5d80000, 0x0000000100000000)
  eden space 3584K, 100% used [0x00000000d5580000,0x00000000d5900000,0x00000000d5900000)
  from space 1024K, 100% used [0x00000000d5c80000,0x00000000d5d80000,0x00000000d5d80000)
  to   space 1536K, 0% used [0x00000000d5a80000,0x00000000d5a80000,0x00000000d5c00000)
 ParOldGen       total 97792K, used 97283K [0x0000000080000000, 0x0000000085f80000, 0x00000000d5580000)
  object space 97792K, 99% used [0x0000000080000000,0x0000000085f00c28,0x0000000085f80000)
 Metaspace       used 67916K, committed 69376K, reserved 1114112K
  class space    used 6965K, committed 7552K, reserved 1048576K
}
Event: 9146.555 GC heap after
{Heap after GC invocations=80 (full 3):
 PSYoungGen      total 5120K, used 1184K [0x00000000d5580000, 0x00000000d5d00000, 0x0000000100000000)
  eden space 3584K, 0% used [0x00000000d5580000,0x00000000d5580000,0x00000000d5900000)
  from space 1536K, 77% used [0x00000000d5a80000,0x00000000d5ba8000,0x00000000d5c00000)
  to   space 1024K, 0% used [0x00000000d5c00000,0x00000000d5c00000,0x00000000d5d00000)
 ParOldGen       total 98304K, used 98131K [0x0000000080000000, 0x0000000086000000, 0x00000000d5580000)
  object space 98304K, 99% used [0x0000000080000000,0x0000000085fd4fa8,0x0000000086000000)
 Metaspace       used 67916K, committed 69376K, reserved 1114112K
  class space    used 6965K, committed 7552K, reserved 1048576K
}
Event: 9147.400 GC heap before
{Heap before GC invocations=81 (full 3):
 PSYoungGen      total 5120K, used 4768K [0x00000000d5580000, 0x00000000d5d00000, 0x0000000100000000)
  eden space 3584K, 100% used [0x00000000d5580000,0x00000000d5900000,0x00000000d5900000)
  from space 1536K, 77% used [0x00000000d5a80000,0x00000000d5ba8000,0x00000000d5c00000)
  to   space 1024K, 0% used [0x00000000d5c00000,0x00000000d5c00000,0x00000000d5d00000)
 ParOldGen       total 98304K, used 98131K [0x0000000080000000, 0x0000000086000000, 0x00000000d5580000)
  object space 98304K, 99% used [0x0000000080000000,0x0000000085fd4fa8,0x0000000086000000)
 Metaspace       used 67925K, committed 69376K, reserved 1114112K
  class space    used 6965K, committed 7552K, reserved 1048576K
}
Event: 9147.403 GC heap after
{Heap after GC invocations=81 (full 3):
 PSYoungGen      total 4608K, used 928K [0x00000000d5580000, 0x00000000d5d00000, 0x0000000100000000)
  eden space 3584K, 0% used [0x00000000d5580000,0x00000000d5580000,0x00000000d5900000)
  from space 1024K, 90% used [0x00000000d5c00000,0x00000000d5ce80b0,0x00000000d5d00000)
  to   space 1536K, 0% used [0x00000000d5a00000,0x00000000d5a00000,0x00000000d5b80000)
 ParOldGen       total 98816K, used 98391K [0x0000000080000000, 0x0000000086080000, 0x00000000d5580000)
  object space 98816K, 99% used [0x0000000080000000,0x0000000086015fb8,0x0000000086080000)
 Metaspace       used 67925K, committed 69376K, reserved 1114112K
  class space    used 6965K, committed 7552K, reserved 1048576K
}
Event: 9147.458 GC heap before
{Heap before GC invocations=82 (full 3):
 PSYoungGen      total 4608K, used 4512K [0x00000000d5580000, 0x00000000d5d00000, 0x0000000100000000)
  eden space 3584K, 100% used [0x00000000d5580000,0x00000000d5900000,0x00000000d5900000)
  from space 1024K, 90% used [0x00000000d5c00000,0x00000000d5ce80b0,0x00000000d5d00000)
  to   space 1536K, 0% used [0x00000000d5a00000,0x00000000d5a00000,0x00000000d5b80000)
 ParOldGen       total 98816K, used 98391K [0x0000000080000000, 0x0000000086080000, 0x00000000d5580000)
  object space 98816K, 99% used [0x0000000080000000,0x0000000086015fb8,0x0000000086080000)
 Metaspace       used 67935K, committed 69376K, reserved 1114112K
  class space    used 6965K, committed 7552K, reserved 1048576K
}
Event: 9147.461 GC heap after
{Heap after GC invocations=82 (full 3):
 PSYoungGen      total 5120K, used 1200K [0x00000000d5580000, 0x00000000d5c80000, 0x0000000100000000)
  eden space 3584K, 0% used [0x00000000d5580000,0x00000000d5580000,0x00000000d5900000)
  from space 1536K, 78% used [0x00000000d5a00000,0x00000000d5b2c0a0,0x00000000d5b80000)
  to   space 1024K, 0% used [0x00000000d5b80000,0x00000000d5b80000,0x00000000d5c80000)
 ParOldGen       total 99328K, used 99176K [0x0000000080000000, 0x0000000086100000, 0x00000000d5580000)
  object space 99328K, 99% used [0x0000000080000000,0x00000000860da348,0x0000000086100000)
 Metaspace       used 67935K, committed 69376K, reserved 1114112K
  class space    used 6965K, committed 7552K, reserved 1048576K
}

Dll operation events (10 events):
Event: 0.012 Loaded shared library c:\Users\Admin\.kiro\extensions\redhat.java-1.54.0-win32-x64\jre\21.0.10-win32-x86_64\bin\java.dll
Event: 0.088 Loaded shared library c:\Users\Admin\.kiro\extensions\redhat.java-1.54.0-win32-x64\jre\21.0.10-win32-x86_64\bin\zip.dll
Event: 0.126 Loaded shared library C:\Users\Admin\.kiro\extensions\redhat.java-1.54.0-win32-x64\jre\21.0.10-win32-x86_64\bin\instrument.dll
Event: 0.131 Loaded shared library C:\Users\Admin\.kiro\extensions\redhat.java-1.54.0-win32-x64\jre\21.0.10-win32-x86_64\bin\net.dll
Event: 0.152 Loaded shared library C:\Users\Admin\.kiro\extensions\redhat.java-1.54.0-win32-x64\jre\21.0.10-win32-x86_64\bin\nio.dll
Event: 0.157 Loaded shared library C:\Users\Admin\.kiro\extensions\redhat.java-1.54.0-win32-x64\jre\21.0.10-win32-x86_64\bin\zip.dll
Event: 0.186 Loaded shared library C:\Users\Admin\.kiro\extensions\redhat.java-1.54.0-win32-x64\jre\21.0.10-win32-x86_64\bin\jimage.dll
Event: 0.336 Loaded shared library c:\Users\Admin\.kiro\extensions\redhat.java-1.54.0-win32-x64\jre\21.0.10-win32-x86_64\bin\verify.dll
Event: 14.516 Loaded shared library C:\Users\Admin\AppData\Roaming\Kiro\User\globalStorage\redhat.java\1.54.0\config_win\org.eclipse.equinox.launcher\org.eclipse.equinox.launcher.win32.win32.x86_64_1.3.0.v20260203-2149\eclipse_11919.dll
Event: 28.900 Loaded shared library C:\Users\Admin\AppData\Local\Temp\jna-63116079\jna6273841160124713616.dll

Deoptimization events (20 events):
Event: 9147.425 Thread 0x00000245720f6db0 DEOPT PACKING pc=0x000002451e6c60e8 sp=0x000000fa10afd4d0
Event: 9147.425 Thread 0x00000245720f6db0 DEOPT UNPACKING pc=0x000002451d753aa2 sp=0x000000fa10afd448 mode 2
Event: 9147.434 Thread 0x00000245720f6db0 DEOPT PACKING pc=0x00000245178a0778 sp=0x000000fa10afd710
Event: 9147.434 Thread 0x00000245720f6db0 DEOPT UNPACKING pc=0x000002451d754242 sp=0x000000fa10afcb98 mode 0
Event: 9147.435 Thread 0x00000245720f6db0 Uncommon trap: trap_request=0xffffffbe fr.pc=0x000002451e6c85a8 relative=0x0000000000000188
Event: 9147.435 Thread 0x00000245720f6db0 Uncommon trap: reason=profile_predicate action=maybe_recompile pc=0x000002451e6c85a8 method=java.util.HashMap.keysToArray([Ljava/lang/Object;)[Ljava/lang/Object; @ 36 c2
Event: 9147.435 Thread 0x00000245720f6db0 DEOPT PACKING pc=0x000002451e6c85a8 sp=0x000000fa10afd780
Event: 9147.435 Thread 0x00000245720f6db0 DEOPT UNPACKING pc=0x000002451d753aa2 sp=0x000000fa10afd700 mode 2
Event: 9147.435 Thread 0x00000245720f6db0 Uncommon trap: trap_request=0xffffffbe fr.pc=0x000002451e6c85a8 relative=0x0000000000000188
Event: 9147.435 Thread 0x00000245720f6db0 Uncommon trap: reason=profile_predicate action=maybe_recompile pc=0x000002451e6c85a8 method=java.util.HashMap.keysToArray([Ljava/lang/Object;)[Ljava/lang/Object; @ 36 c2
Event: 9147.435 Thread 0x00000245720f6db0 DEOPT PACKING pc=0x000002451e6c85a8 sp=0x000000fa10afd780
Event: 9147.435 Thread 0x00000245720f6db0 DEOPT UNPACKING pc=0x000002451d753aa2 sp=0x000000fa10afd700 mode 2
Event: 9147.435 Thread 0x00000245720f6db0 Uncommon trap: trap_request=0xffffffbe fr.pc=0x000002451e6c85a8 relative=0x0000000000000188
Event: 9147.435 Thread 0x00000245720f6db0 Uncommon trap: reason=profile_predicate action=maybe_recompile pc=0x000002451e6c85a8 method=java.util.HashMap.keysToArray([Ljava/lang/Object;)[Ljava/lang/Object; @ 36 c2
Event: 9147.435 Thread 0x00000245720f6db0 DEOPT PACKING pc=0x000002451e6c85a8 sp=0x000000fa10afd780
Event: 9147.435 Thread 0x00000245720f6db0 DEOPT UNPACKING pc=0x000002451d753aa2 sp=0x000000fa10afd700 mode 2
Event: 9147.436 Thread 0x00000245720f6db0 Uncommon trap: trap_request=0xffffffbe fr.pc=0x000002451e6c85a8 relative=0x0000000000000188
Event: 9147.436 Thread 0x00000245720f6db0 Uncommon trap: reason=profile_predicate action=maybe_recompile pc=0x000002451e6c85a8 method=java.util.HashMap.keysToArray([Ljava/lang/Object;)[Ljava/lang/Object; @ 36 c2
Event: 9147.436 Thread 0x00000245720f6db0 DEOPT PACKING pc=0x000002451e6c85a8 sp=0x000000fa10afd780
Event: 9147.436 Thread 0x00000245720f6db0 DEOPT UNPACKING pc=0x000002451d753aa2 sp=0x000000fa10afd700 mode 2

Classes loaded (20 events):
Event: 329.457 Loading class java/util/stream/Nodes$ToArrayTask done
Event: 329.457 Loading class java/util/stream/Nodes$ToArrayTask$OfRef done
Event: 329.460 Loading class java/io/ObjectOutputStream$BlockDataOutputStream
Event: 329.461 Loading class java/io/ObjectOutputStream$BlockDataOutputStream done
Event: 329.461 Loading class java/io/ObjectOutputStream$HandleTable
Event: 329.461 Loading class java/io/ObjectOutputStream$HandleTable done
Event: 329.461 Loading class java/io/ObjectOutputStream$ReplaceTable
Event: 329.461 Loading class java/io/ObjectOutputStream$ReplaceTable done
Event: 8170.611 Loading class java/util/stream/ReduceOps$5
Event: 8170.612 Loading class java/util/stream/ReduceOps$5 done
Event: 8170.613 Loading class java/util/stream/ReduceOps$CountingSink$OfRef
Event: 8170.617 Loading class java/util/stream/ReduceOps$CountingSink
Event: 8170.618 Loading class java/util/stream/ReduceOps$CountingSink done
Event: 8170.618 Loading class java/util/stream/ReduceOps$CountingSink$OfRef done
Event: 8199.825 Loading class jdk/internal/ref/CleanerImpl$InnocuousThreadFactory
Event: 8199.826 Loading class jdk/internal/ref/CleanerImpl$InnocuousThreadFactory done
Event: 8956.833 Loading class java/util/concurrent/ConcurrentHashMap$TreeNode
Event: 8956.835 Loading class java/util/concurrent/ConcurrentHashMap$TreeNode done
Event: 8956.835 Loading class java/util/concurrent/ConcurrentHashMap$TreeBin
Event: 8956.837 Loading class java/util/concurrent/ConcurrentHashMap$TreeBin done

Classes unloaded (7 events):
Event: 29.275 Thread 0x000002451308ec10 Unloading class 0x000002452b1a9400 'java/lang/invoke/LambdaForm$MH+0x000002452b1a9400'
Event: 29.275 Thread 0x000002451308ec10 Unloading class 0x000002452b1a9000 'java/lang/invoke/LambdaForm$MH+0x000002452b1a9000'
Event: 29.275 Thread 0x000002451308ec10 Unloading class 0x000002452b1a8c00 'java/lang/invoke/LambdaForm$MH+0x000002452b1a8c00'
Event: 29.275 Thread 0x000002451308ec10 Unloading class 0x000002452b1a8800 'java/lang/invoke/LambdaForm$MH+0x000002452b1a8800'
Event: 29.275 Thread 0x000002451308ec10 Unloading class 0x000002452b1a8400 'java/lang/invoke/LambdaForm$BMH+0x000002452b1a8400'
Event: 29.275 Thread 0x000002451308ec10 Unloading class 0x000002452b1a8000 'java/lang/invoke/LambdaForm$DMH+0x000002452b1a8000'
Event: 29.275 Thread 0x000002451308ec10 Unloading class 0x000002452b1a6c00 'java/lang/invoke/LambdaForm$DMH+0x000002452b1a6c00'

Classes redefined (0 events):
No events

Internal exceptions (20 events):
Event: 300.278 Thread 0x0000024572155070 Exception <a 'sun/nio/fs/WindowsException'{0x00000000d5580760}> (0x00000000d5580760) 
thrown [s\src\hotspot\share\prims\jni.cpp, line 520]
Event: 329.480 Thread 0x000002457cda4a00 Exception <a 'java/lang/NoSuchMethodError'{0x00000000d61f0398}: 'java.lang.Object java.lang.invoke.DirectMethodHandle$Holder.newInvokeSpecial(java.lang.Object, java.lang.Object, java.lang.Object, java.lang.Object, java.lang.Object, java.lang.Object, java.lang.Object, java.lang.Object)'> (0x00000000d61f0398) 
thrown [s\src\hotspot\share\interpreter\linkResolver.cpp, line 773]
Event: 8170.316 Thread 0x0000024573253ca0 Exception <a 'java/lang/IncompatibleClassChangeError'{0x00000000d5fd2328}: Found class java.lang.Object, but interface was expected> (0x00000000d5fd2328) 
thrown [s\src\hotspot\share\interpreter\linkResolver.cpp, line 840]
Event: 8170.317 Thread 0x0000024573253ca0 Exception <a 'java/lang/IncompatibleClassChangeError'{0x00000000d5fd6080}: Found class java.lang.Object, but interface was expected> (0x00000000d5fd6080) 
thrown [s\src\hotspot\share\interpreter\linkResolver.cpp, line 840]
Event: 8170.549 Thread 0x0000024572155070 Exception <a 'sun/nio/fs/WindowsException'{0x00000000d55eb590}> (0x00000000d55eb590) 
thrown [s\src\hotspot\share\prims\jni.cpp, line 520]
Event: 8170.759 Thread 0x0000024572155070 Exception <a 'sun/nio/fs/WindowsException'{0x00000000d5a69318}> (0x00000000d5a69318) 
thrown [s\src\hotspot\share\prims\jni.cpp, line 520]
Event: 8199.452 Thread 0x0000024573253ca0 Exception <a 'java/lang/IncompatibleClassChangeError'{0x00000000d583b6b0}: Found class java.lang.Object, but interface was expected> (0x00000000d583b6b0) 
thrown [s\src\hotspot\share\interpreter\linkResolver.cpp, line 840]
Event: 8199.575 Thread 0x0000024573253ca0 Exception <a 'java/lang/IncompatibleClassChangeError'{0x00000000d5b9f350}: Found class java.lang.Object, but interface was expected> (0x00000000d5b9f350) 
thrown [s\src\hotspot\share\interpreter\linkResolver.cpp, line 840]
Event: 8199.583 Thread 0x0000024573253ca0 Exception <a 'java/lang/IncompatibleClassChangeError'{0x00000000d5becef8}: Found class java.lang.Object, but interface was expected> (0x00000000d5becef8) 
thrown [s\src\hotspot\share\interpreter\linkResolver.cpp, line 840]
Event: 8199.590 Thread 0x000002457cda98c0 Exception <a 'java/lang/NoSuchMethodError'{0x00000000d5c2c830}: 'java.lang.Object java.lang.invoke.DirectMethodHandle$Holder.invokeSpecial(java.lang.Object, java.lang.Object, java.lang.Object, java.lang.Object, int, java.lang.Object, java.lang.Object)'> (0x00000000d5c2c830) 
thrown [s\src\hotspot\share\interpreter\linkResolver.cpp, line 773]
Event: 8199.631 Thread 0x000002457cda5db0 Implicit null exception at 0x000002451e26915a to 0x000002451e2691b3
Event: 8199.647 Thread 0x0000024573253ca0 Exception <a 'java/lang/IncompatibleClassChangeError'{0x00000000d6269018}: Found class java.lang.Object, but interface was expected> (0x00000000d6269018) 
thrown [s\src\hotspot\share\interpreter\linkResolver.cpp, line 840]
Event: 8199.678 Thread 0x000002457cda98c0 Exception <a 'java/lang/ArrayIndexOutOfBoundsException'{0x00000000d56e2bb0}: Index 5912 out of bounds for length 5911> (0x00000000d56e2bb0) 
thrown [s\src\hotspot\share\interpreter\interpreterRuntime.cpp, line 439]
Event: 8201.188 Thread 0x0000024573253ca0 Exception <a 'java/lang/IncompatibleClassChangeError'{0x00000000d627fc78}: Found class java.lang.Object, but interface was expected> (0x00000000d627fc78) 
thrown [s\src\hotspot\share\interpreter\linkResolver.cpp, line 840]
Event: 8951.391 Thread 0x0000024572155070 Exception <a 'sun/nio/fs/WindowsException'{0x00000000d5679788}> (0x00000000d5679788) 
thrown [s\src\hotspot\share\prims\jni.cpp, line 520]
Event: 8951.559 Thread 0x0000024572155070 Exception <a 'sun/nio/fs/WindowsException'{0x00000000d57546f0}> (0x00000000d57546f0) 
thrown [s\src\hotspot\share\prims\jni.cpp, line 520]
Event: 8970.548 Thread 0x0000024572155070 Exception <a 'sun/nio/fs/WindowsException'{0x00000000d5b0ed38}> (0x00000000d5b0ed38) 
thrown [s\src\hotspot\share\prims\jni.cpp, line 520]
Event: 8970.793 Thread 0x0000024572155070 Exception <a 'sun/nio/fs/WindowsException'{0x00000000d5715bb0}> (0x00000000d5715bb0) 
thrown [s\src\hotspot\share\prims\jni.cpp, line 520]
Event: 9144.788 Thread 0x0000024572155070 Exception <a 'sun/nio/fs/WindowsException'{0x00000000d58bc7c0}> (0x00000000d58bc7c0) 
thrown [s\src\hotspot\share\prims\jni.cpp, line 520]
Event: 9145.078 Thread 0x0000024572155070 Exception <a 'sun/nio/fs/WindowsException'{0x00000000d55811b8}> (0x00000000d55811b8) 
thrown [s\src\hotspot\share\prims\jni.cpp, line 520]

ZGC Phase Switch (0 events):
No events

VM Operations (20 events):
Event: 21818.114 Executing non-safepoint VM operation: HandshakeAllThreads (HandshakeForDeflation)
Event: 21818.114 Executing non-safepoint VM operation: HandshakeAllThreads (HandshakeForDeflation) done
Event: 21818.115 Executing non-safepoint VM operation: RendezvousGCThreads
Event: 21818.115 Executing non-safepoint VM operation: RendezvousGCThreads done
Event: 21878.178 Executing non-safepoint VM operation: HandshakeAllThreads (HandshakeForDeflation)
Event: 21878.178 Executing non-safepoint VM operation: HandshakeAllThreads (HandshakeForDeflation) done
Event: 21878.178 Executing non-safepoint VM operation: RendezvousGCThreads
Event: 21878.178 Executing non-safepoint VM operation: RendezvousGCThreads done
Event: 21998.467 Executing non-safepoint VM operation: HandshakeAllThreads (HandshakeForDeflation)
Event: 21998.467 Executing non-safepoint VM operation: HandshakeAllThreads (HandshakeForDeflation) done
Event: 21998.467 Executing non-safepoint VM operation: RendezvousGCThreads
Event: 21998.467 Executing non-safepoint VM operation: RendezvousGCThreads done
Event: 22118.903 Executing non-safepoint VM operation: HandshakeAllThreads (HandshakeForDeflation)
Event: 22118.903 Executing non-safepoint VM operation: HandshakeAllThreads (HandshakeForDeflation) done
Event: 22118.903 Executing non-safepoint VM operation: RendezvousGCThreads
Event: 22118.903 Executing non-safepoint VM operation: RendezvousGCThreads done
Event: 22239.159 Executing non-safepoint VM operation: HandshakeAllThreads (HandshakeForDeflation)
Event: 22239.159 Executing non-safepoint VM operation: HandshakeAllThreads (HandshakeForDeflation) done
Event: 22239.159 Executing non-safepoint VM operation: RendezvousGCThreads
Event: 22239.159 Executing non-safepoint VM operation: RendezvousGCThreads done

Memory protections (0 events):
No events

Nmethod flushes (20 events):
Event: 36.739 Thread 0x000002451308ec10 flushing  nmethod 0x00000245169e4390
Event: 36.739 Thread 0x000002451308ec10 flushing  nmethod 0x00000245169e4710
Event: 36.739 Thread 0x000002451308ec10 flushing  nmethod 0x00000245169e5990
Event: 36.739 Thread 0x000002451308ec10 flushing  nmethod 0x00000245169e9e10
Event: 36.739 Thread 0x000002451308ec10 flushing  nmethod 0x0000024516a0e490
Event: 36.739 Thread 0x000002451308ec10 flushing  nmethod 0x0000024516a23710
Event: 36.739 Thread 0x000002451308ec10 flushing  nmethod 0x0000024516a24f90
Event: 36.739 Thread 0x000002451308ec10 flushing  nmethod 0x0000024516a25590
Event: 36.739 Thread 0x000002451308ec10 flushing  nmethod 0x0000024516a25e10
Event: 36.739 Thread 0x000002451308ec10 flushing  nmethod 0x0000024516a26510
Event: 36.739 Thread 0x000002451308ec10 flushing  nmethod 0x0000024516a2cc10
Event: 36.739 Thread 0x000002451308ec10 flushing  nmethod 0x0000024516a2fc10
Event: 36.739 Thread 0x000002451308ec10 flushing  nmethod 0x0000024516a3a210
Event: 36.739 Thread 0x000002451308ec10 flushing  nmethod 0x0000024516a6f410
Event: 36.739 Thread 0x000002451308ec10 flushing  nmethod 0x0000024516a98a10
Event: 36.739 Thread 0x000002451308ec10 flushing  nmethod 0x0000024516ad1d10
Event: 36.739 Thread 0x000002451308ec10 flushing  nmethod 0x0000024516ad3810
Event: 36.739 Thread 0x000002451308ec10 flushing  nmethod 0x0000024516aec190
Event: 36.739 Thread 0x000002451308ec10 flushing  nmethod 0x0000024516aecb10
Event: 36.739 Thread 0x000002451308ec10 flushing  nmethod 0x0000024516aecf90

Events (20 events):
Event: 19381.384 Thread 0x0000024573255050 Thread exited: 0x0000024573255050
Event: 19381.385 Thread 0x00000245720f3fc0 Thread added: 0x0000024573254330
Event: 19381.386 Thread 0x0000024573254330 Thread added: 0x0000024573255050
Event: 19381.386 Thread 0x0000024573254330 Thread added: 0x0000024573253610
Event: 19381.386 Thread 0x0000024573253610 Thread exited: 0x0000024573253610
Event: 19381.386 Thread 0x0000024573255050 Thread exited: 0x0000024573255050
Event: 19381.386 Thread 0x0000024573254330 Thread exited: 0x0000024573254330
Event: 19381.399 Thread 0x00000245720f3fc0 Thread added: 0x0000024573257e40
Event: 19381.555 Thread 0x00000245720f2c10 Thread exited: 0x00000245720f2c10
Event: 19381.682 Thread 0x00000245720f6720 Thread exited: 0x00000245720f6720
Event: 19381.698 Thread 0x00000245720f32a0 Thread exited: 0x00000245720f32a0
Event: 19381.698 Thread 0x00000245720f04b0 Thread exited: 0x00000245720f04b0
Event: 19381.698 Thread 0x00000245720f3930 Thread exited: 0x00000245720f3930
Event: 19381.698 Thread 0x00000245720f2580 Thread exited: 0x00000245720f2580
Event: 19397.525 Thread 0x00000245732528f0 Thread exited: 0x00000245732528f0
Event: 19400.640 Thread 0x00000245720f0b40 Thread exited: 0x00000245720f0b40
Event: 19441.545 Thread 0x00000245720f3fc0 Thread exited: 0x00000245720f3fc0
Event: 19574.874 Thread 0x00000245720f1860 Thread exited: 0x00000245720f1860
Event: 21491.244 Thread 0x0000024573253ca0 Thread added: 0x00000245732528f0
Event: 21551.278 Thread 0x00000245732528f0 Thread exited: 0x00000245732528f0


Dynamic libraries:
0x00007ff625240000 - 0x00007ff62524e000 	c:\Users\Admin\.kiro\extensions\redhat.java-1.54.0-win32-x64\jre\21.0.10-win32-x86_64\bin\java.exe
0x00007fffaf710000 - 0x00007fffaf927000 	C:\Windows\SYSTEM32\ntdll.dll
0x00007fffaead0000 - 0x00007fffaeb94000 	C:\Windows\System32\KERNEL32.DLL
0x00007fffacdd0000 - 0x00007fffad187000 	C:\Windows\System32\KERNELBASE.dll
0x00007fffaca20000 - 0x00007fffacb31000 	C:\Windows\System32\ucrtbase.dll
0x00007fff9c4b0000 - 0x00007fff9c4ce000 	c:\Users\Admin\.kiro\extensions\redhat.java-1.54.0-win32-x64\jre\21.0.10-win32-x86_64\bin\VCRUNTIME140.dll
0x00007fff9c560000 - 0x00007fff9c578000 	c:\Users\Admin\.kiro\extensions\redhat.java-1.54.0-win32-x64\jre\21.0.10-win32-x86_64\bin\jli.dll
0x00007fffadfe0000 - 0x00007fffae18f000 	C:\Windows\System32\USER32.dll
0x00007fffacda0000 - 0x00007fffacdc6000 	C:\Windows\System32\win32u.dll
0x00007fffaeba0000 - 0x00007fffaebc9000 	C:\Windows\System32\GDI32.dll
0x00007fffad280000 - 0x00007fffad398000 	C:\Windows\System32\gdi32full.dll
0x00007fffad3a0000 - 0x00007fffad43a000 	C:\Windows\System32\msvcp_win.dll
0x00007fff909e0000 - 0x00007fff90c73000 	C:\Windows\WinSxS\amd64_microsoft.windows.common-controls_6595b64144ccf1df_6.0.22621.3672_none_2713b9d173822955\COMCTL32.dll
0x00007fffade80000 - 0x00007fffadf27000 	C:\Windows\System32\msvcrt.dll
0x00007fffae430000 - 0x00007fffae461000 	C:\Windows\System32\IMM32.DLL
0x00007fff9cd10000 - 0x00007fff9cd1c000 	c:\Users\Admin\.kiro\extensions\redhat.java-1.54.0-win32-x64\jre\21.0.10-win32-x86_64\bin\vcruntime140_1.dll
0x00007fff9c420000 - 0x00007fff9c4ad000 	c:\Users\Admin\.kiro\extensions\redhat.java-1.54.0-win32-x64\jre\21.0.10-win32-x86_64\bin\msvcp140.dll
0x00007fff50800000 - 0x00007fff515a1000 	c:\Users\Admin\.kiro\extensions\redhat.java-1.54.0-win32-x64\jre\21.0.10-win32-x86_64\bin\server\jvm.dll
0x00007fffaec20000 - 0x00007fffaecd2000 	C:\Windows\System32\ADVAPI32.dll
0x00007fffae660000 - 0x00007fffae708000 	C:\Windows\System32\sechost.dll
0x00007fffacb40000 - 0x00007fffacb68000 	C:\Windows\System32\bcrypt.dll
0x00007fffaf080000 - 0x00007fffaf194000 	C:\Windows\System32\RPCRT4.dll
0x00007fffae480000 - 0x00007fffae4f1000 	C:\Windows\System32\WS2_32.dll
0x00007fffab890000 - 0x00007fffab8dd000 	C:\Windows\SYSTEM32\POWRPROF.dll
0x00007fffa6ab0000 - 0x00007fffa6ae4000 	C:\Windows\SYSTEM32\WINMM.dll
0x00007fffa6390000 - 0x00007fffa639a000 	C:\Windows\SYSTEM32\VERSION.dll
0x00007fffab870000 - 0x00007fffab883000 	C:\Windows\SYSTEM32\UMPDC.dll
0x00007fffabb20000 - 0x00007fffabb38000 	C:\Windows\SYSTEM32\kernel.appcore.dll
0x00007fff9cba0000 - 0x00007fff9cbaa000 	c:\Users\Admin\.kiro\extensions\redhat.java-1.54.0-win32-x64\jre\21.0.10-win32-x86_64\bin\jimage.dll
0x00007fffaa360000 - 0x00007fffaa592000 	C:\Windows\SYSTEM32\DBGHELP.DLL
0x00007fffaecf0000 - 0x00007fffaf07e000 	C:\Windows\System32\combase.dll
0x00007fffae350000 - 0x00007fffae427000 	C:\Windows\System32\OLEAUT32.dll
0x00007fffa6a70000 - 0x00007fffa6aa2000 	C:\Windows\SYSTEM32\dbgcore.DLL
0x00007fffad190000 - 0x00007fffad20b000 	C:\Windows\System32\bcryptPrimitives.dll
0x00007fff9c980000 - 0x00007fff9c98f000 	c:\Users\Admin\.kiro\extensions\redhat.java-1.54.0-win32-x64\jre\21.0.10-win32-x86_64\bin\instrument.dll
0x00007fff9c400000 - 0x00007fff9c420000 	c:\Users\Admin\.kiro\extensions\redhat.java-1.54.0-win32-x64\jre\21.0.10-win32-x86_64\bin\java.dll
0x00007fffad450000 - 0x00007fffadcb9000 	C:\Windows\System32\SHELL32.dll
0x00007fffaa950000 - 0x00007fffab24f000 	C:\Windows\SYSTEM32\windows.storage.dll
0x00007fffaa810000 - 0x00007fffaa94f000 	C:\Windows\SYSTEM32\wintypes.dll
0x00007fffae560000 - 0x00007fffae659000 	C:\Windows\System32\SHCORE.dll
0x00007fffaf1a0000 - 0x00007fffaf1fe000 	C:\Windows\System32\shlwapi.dll
0x00007fffac950000 - 0x00007fffac977000 	C:\Windows\SYSTEM32\profapi.dll
0x00007fff9c3e0000 - 0x00007fff9c3f8000 	c:\Users\Admin\.kiro\extensions\redhat.java-1.54.0-win32-x64\jre\21.0.10-win32-x86_64\bin\zip.dll
0x00007fff9c3d0000 - 0x00007fff9c3e0000 	C:\Users\Admin\.kiro\extensions\redhat.java-1.54.0-win32-x64\jre\21.0.10-win32-x86_64\bin\net.dll
0x00007fffa45d0000 - 0x00007fffa4706000 	C:\Windows\SYSTEM32\WINHTTP.dll
0x00007fffabf80000 - 0x00007fffabfe9000 	C:\Windows\system32\mswsock.dll
0x00007fff94940000 - 0x00007fff94956000 	C:\Users\Admin\.kiro\extensions\redhat.java-1.54.0-win32-x64\jre\21.0.10-win32-x86_64\bin\nio.dll
0x00007fff95370000 - 0x00007fff95380000 	c:\Users\Admin\.kiro\extensions\redhat.java-1.54.0-win32-x64\jre\21.0.10-win32-x86_64\bin\verify.dll
0x00007fff913c0000 - 0x00007fff91405000 	C:\Users\Admin\AppData\Roaming\Kiro\User\globalStorage\redhat.java\1.54.0\config_win\org.eclipse.equinox.launcher\org.eclipse.equinox.launcher.win32.win32.x86_64_1.3.0.v20260203-2149\eclipse_11919.dll
0x00007fffae710000 - 0x00007fffae8b5000 	C:\Windows\System32\ole32.dll
0x00007fffac2d0000 - 0x00007fffac2eb000 	C:\Windows\SYSTEM32\CRYPTSP.dll
0x00007fffaba80000 - 0x00007fffabab5000 	C:\Windows\system32\rsaenh.dll
0x00007fffac020000 - 0x00007fffac048000 	C:\Windows\SYSTEM32\USERENV.dll
0x00007fffac2b0000 - 0x00007fffac2bc000 	C:\Windows\SYSTEM32\CRYPTBASE.dll
0x00007fffab520000 - 0x00007fffab54d000 	C:\Windows\SYSTEM32\IPHLPAPI.DLL
0x00007fffae470000 - 0x00007fffae479000 	C:\Windows\System32\NSI.dll
0x00007fff85eb0000 - 0x00007fff85ef9000 	C:\Users\Admin\AppData\Local\Temp\jna-63116079\jna6273841160124713616.dll
0x00007fffaebf0000 - 0x00007fffaebf8000 	C:\Windows\System32\PSAPI.DLL
0x00007fffa4460000 - 0x00007fffa4479000 	C:\Windows\SYSTEM32\dhcpcsvc6.DLL
0x00007fffa42a0000 - 0x00007fffa42bf000 	C:\Windows\SYSTEM32\dhcpcsvc.DLL

JVMTI agents:
c:\Users\Admin\.kiro\extensions\redhat.java-1.54.0-win32-x64\lombok\lombok-1.18.39-4050.jar path:c:\Users\Admin\.kiro\extensions\redhat.java-1.54.0-win32-x64\jre\21.0.10-win32-x86_64\bin\instrument.dll, loaded, initialized, instrumentlib options:none

dbghelp: loaded successfully - version: 4.0.5 - missing functions: none
symbol engine: initialized successfully - sym options: 0x614 - pdb path: .;c:\Users\Admin\.kiro\extensions\redhat.java-1.54.0-win32-x64\jre\21.0.10-win32-x86_64\bin;C:\Windows\SYSTEM32;C:\Windows\WinSxS\amd64_microsoft.windows.common-controls_6595b64144ccf1df_6.0.22621.3672_none_2713b9d173822955;c:\Users\Admin\.kiro\extensions\redhat.java-1.54.0-win32-x64\jre\21.0.10-win32-x86_64\bin\server;C:\Users\Admin\AppData\Roaming\Kiro\User\globalStorage\redhat.java\1.54.0\config_win\org.eclipse.equinox.launcher\org.eclipse.equinox.launcher.win32.win32.x86_64_1.3.0.v20260203-2149;C:\Users\Admin\AppData\Local\Temp\jna-63116079

VM Arguments:
jvm_args: --add-modules=ALL-SYSTEM --add-opens=java.base/java.util=ALL-UNNAMED --add-opens=java.base/java.lang=ALL-UNNAMED --add-opens=java.base/sun.nio.fs=ALL-UNNAMED -Declipse.application=org.eclipse.jdt.ls.core.id1 -Dosgi.bundles.defaultStartLevel=4 -Declipse.product=org.eclipse.jdt.ls.core.product -Djava.import.generatesMetadataFilesAtProjectRoot=false -DDetectVMInstallationsJob.disabled=true -Dfile.encoding=utf8 -XX:+UseParallelGC -XX:GCTimeRatio=4 -XX:AdaptiveSizePolicyWeight=90 -Dsun.zip.disableMemoryMapping=true -Xmx2G -Xms100m -Xlog:disable -javaagent:c:\Users\Admin\.kiro\extensions\redhat.java-1.54.0-win32-x64\lombok\lombok-1.18.39-4050.jar -XX:+HeapDumpOnOutOfMemoryError -XX:HeapDumpPath=c:\Users\Admin\AppData\Roaming\Kiro\User\workspaceStorage\bf79d58697673036a228ef2fb33739f4\redhat.java -Daether.dependencyCollector.impl=bf 
java_command: c:\Users\Admin\.kiro\extensions\redhat.java-1.54.0-win32-x64\server\plugins\org.eclipse.equinox.launcher_1.7.100.v20251111-0406.jar -configuration c:\Users\Admin\AppData\Roaming\Kiro\User\globalStorage\redhat.java\1.54.0\config_win -data c:\Users\Admin\AppData\Roaming\Kiro\User\workspaceStorage\bf79d58697673036a228ef2fb33739f4\redhat.java\jdt_ws --pipe=\\.\pipe\lsp-cb492ce437384790226ac974ea57f420-sock
java_class_path (initial): c:\Users\Admin\.kiro\extensions\redhat.java-1.54.0-win32-x64\server\plugins\org.eclipse.equinox.launcher_1.7.100.v20251111-0406.jar
Launcher Type: SUN_STANDARD

[Global flags]
    uintx AdaptiveSizePolicyWeight                 = 90                                        {product} {command line}
     intx CICompilerCount                          = 4                                         {product} {ergonomic}
    uintx GCTimeRatio                              = 4                                         {product} {command line}
     bool HeapDumpOnOutOfMemoryError               = true                                   {manageable} {command line}
    ccstr HeapDumpPath                             = c:\Users\Admin\AppData\Roaming\Kiro\User\workspaceStorage\bf79d58697673036a228ef2fb33739f4\redhat.java         {manageable} {command line}
   size_t InitialHeapSize                          = 104857600                                 {product} {command line}
   size_t MaxHeapSize                              = 2147483648                                {product} {command line}
   size_t MaxNewSize                               = 715653120                                 {product} {ergonomic}
   size_t MinHeapDeltaBytes                        = 524288                                    {product} {ergonomic}
   size_t MinHeapSize                              = 104857600                                 {product} {command line}
   size_t NewSize                                  = 34603008                                  {product} {ergonomic}
    uintx NonNMethodCodeHeapSize                   = 5839372                                {pd product} {ergonomic}
    uintx NonProfiledCodeHeapSize                  = 122909434                              {pd product} {ergonomic}
   size_t OldSize                                  = 70254592                                  {product} {ergonomic}
    uintx ProfiledCodeHeapSize                     = 122909434                              {pd product} {ergonomic}
    uintx ReservedCodeCacheSize                    = 251658240                              {pd product} {ergonomic}
     bool SegmentedCodeCache                       = true                                      {product} {ergonomic}
   size_t SoftMaxHeapSize                          = 2147483648                             {manageable} {ergonomic}
     bool UseCompressedOops                        = true                           {product lp64_product} {ergonomic}
     bool UseLargePagesIndividualAllocation        = false                                  {pd product} {ergonomic}
     bool UseParallelGC                            = true                                      {product} {command line}

Logging:
Log output configuration:
 #0: stdout all=off uptime,level,tags foldmultilines=false
 #1: stderr all=off uptime,level,tags foldmultilines=false

Release file:
JAVA_VERSION="21.0.10" 
MODULES="java.base java.compiler java.datatransfer java.xml java.prefs java.desktop java.instrument java.logging java.management java.security.sasl java.naming java.rmi java.management.rmi java.net.http java.scripting java.security.jgss java.transaction.xa java.sql java.sql.rowset java.xml.crypto java.se java.smartcardio jdk.accessibility jdk.internal.jvmstat jdk.attach jdk.charsets jdk.internal.opt jdk.zipfs jdk.compiler jdk.crypto.ec jdk.crypto.cryptoki jdk.crypto.mscapi jdk.dynalink jdk.internal.ed jdk.editpad jdk.hotspot.agent jdk.httpserver jdk.internal.le jdk.internal.vm.ci jdk.internal.vm.compiler jdk.internal.vm.compiler.management jdk.jartool jdk.javadoc jdk.jcmd jdk.management jdk.management.agent jdk.jconsole jdk.jdeps jdk.jdwp.agent jdk.jdi jdk.jfr jdk.jshell jdk.jsobject jdk.jstatd jdk.localedata jdk.management.jfr jdk.naming.dns jdk.naming.rmi jdk.net jdk.nio.mapmode jdk.random jdk.sctp jdk.security.auth jdk.security.jgss jdk.unsupported jdk.unsupported.desktop jdk.xml.dom" 

Environment Variables:
PATH=C:\Program Files\Common Files\Oracle\Java\javapath;C:\Python314\Scripts\;C:\Python314\;C:\Program Files (x86)\Common Files\Oracle\Java\javapath;C:\Windows\system32;C:\Windows;C:\Windows\System32\Wbem;C:\Windows\System32\WindowsPowerShell\v1.0\;C:\Windows\System32\OpenSSH\;C:\Program Files\Git\cmd;C:\Program Files (x86)\Microsoft SQL Server\160\Tools\Binn\;C:\Program Files\Microsoft SQL Server\160\Tools\Binn\;C:\Program Files\Microsoft SQL Server\Client SDK\ODBC\170\Tools\Binn\;C:\Program Files\Microsoft SQL Server\160\DTS\Binn\;C:\Program Files (x86)\Microsoft SQL Server\160\DTS\Binn\;C:\Program Files\Azure Data Studio\bin;C:\Program Files\nodejs\;C:\ProgramData\chocolatey\bin;C:\Program Files\GitHub CLI\;C:\Users\Admin\AppData\Local\Microsoft\WindowsApps;C:\Users\Admin\AppData\Local\Programs\Microsoft VS Code\bin;C:\Program Files\Azure Data Studio\bin;C:\Users\Admin\AppData\Local\GitHubDesktop\bin;C:\Users\Admin\AppData\Roaming\npm;D:\Antigravity\bin;C:\Users\Admin\AppData\Local\Programs\Kiro\bin;D:\Windsurf\bin
USERNAME=Admin
OS=Windows_NT
PROCESSOR_IDENTIFIER=Intel64 Family 6 Model 154 Stepping 4, GenuineIntel
TMP=C:\Users\Admin\AppData\Local\Temp
TEMP=C:\Users\Admin\AppData\Local\Temp




Periodic native trim disabled

---------------  S Y S T E M  ---------------

OS:
 Windows 11 , 64 bit Build 22621 (10.0.22621.3958)
OS uptime: 8 days 3:44 hours
Hyper-V role detected

CPU: total 12 (initial active 12) (6 cores per cpu, 2 threads per core) family 6 model 154 stepping 4 microcode 0x42a, cx8, cmov, fxsr, ht, mmx, 3dnowpref, sse, sse2, sse3, ssse3, sse4.1, sse4.2, popcnt, lzcnt, tsc, tscinvbit, avx, avx2, aes, erms, clmul, bmi1, bmi2, adx, sha, fma, vzeroupper, clflush, clflushopt, clwb, hv, serialize, rdtscp, rdpid, fsrm, f16c, cet_ibt, cet_ss
Processor Information for the first 12 processors :
  Max Mhz: 1300, Current Mhz: 1300, Mhz Limit: 1300

Memory: 4k page, system-wide physical 16083M (3007M free)
TotalPageFile size 36768M (AvailPageFile size 6M)
current process WorkingSet (physical memory assigned to process): 50M, peak: 322M
current process commit charge ("private bytes"): 430M, peak: 439M

vm_info: OpenJDK 64-Bit Server VM (21.0.10+7-LTS) for windows-amd64 JRE (21.0.10+7-LTS), built on 2026-01-20T00:00:00Z by "admin" with MS VC++ 17.12 (VS2022)

END.
